2026-03-01 00:01:12 INFO Démarrage du serveur web Nginx sur le port 80
2026-03-01 00:05:33 INFO Certificat SSL chargé avec succès
2026-03-01 01:12:45 INFO Requête GET /index.html — 200 OK — 12ms
2026-03-01 02:34:10 WARN Temps de réponse élevé détecté : 1850ms pour /api/users
2026-03-01 03:15:22 ERROR Échec de la connexion au serveur LDAP — timeout après 30s
2026-03-01 03:15:45 ERROR Échec de la connexion au serveur LDAP — timeout après 30s
2026-03-01 04:00:01 INFO Tâche planifiée de nettoyage du cache démarrée
2026-03-01 04:00:05 INFO Cache vidé avec succès — 340 entrées supprimées
2026-03-01 05:22:18 WARN Nombre de connexions simultanées élevé : 487/500
2026-03-01 06:10:44 ERROR Erreur 502 Bad Gateway — backend non disponible
2026-03-01 06:11:02 ERROR Erreur 502 Bad Gateway — backend non disponible
2026-03-01 07:30:00 INFO Redémarrage automatique du service web planifié
2026-03-01 07:30:15 INFO Service web redémarré avec succès en 15s
2026-03-01 08:45:33 WARN Certificat SSL expire dans 7 jours
2026-03-01 09:00:00 INFO Sauvegarde des logs de nuit effectuée
2026-03-01 10:12:55 ERROR Échec de la connexion au serveur LDAP — timeout après 30s
2026-03-01 11:34:21 INFO Requête POST /api/login — 200 OK — 45ms
2026-03-01 12:00:00 INFO Rapport journalier généré avec succès
2026-03-01 13:22:10 WARN Utilisation mémoire du worker nginx supérieure à 80%
2026-03-01 14:05:47 ERROR Erreur 500 Internal Server Error — exception non gérée dans /api/orders
2026-03-01 15:18:32 INFO Requête GET /api/products — 200 OK — 23ms
2026-03-01 16:45:09 WARN Tentative de connexion échouée répétée depuis IP 192.168.1.45
2026-03-01 17:30:00 INFO Mise à jour de configuration rechargée sans interruption
2026-03-01 18:10:22 ERROR Erreur 502 Bad Gateway — backend non disponible
2026-03-01 23:59:59 INFO Fin de journée — 4821 requêtes traitées, 3 erreurs critiques
