2026-03-01 00:00:05 INFO Démarrage du service PostgreSQL version 15.2
2026-03-01 00:00:10 INFO Connexion au pool de base de données établie — 20 connexions actives
2026-03-01 00:30:14 INFO Sauvegarde automatique (dump) de la base démarrée
2026-03-01 00:45:22 INFO Sauvegarde terminée avec succès — 2.3 Go exportés
2026-03-01 01:10:33 WARN Requête lente détectée : SELECT * FROM orders — 4200ms
2026-03-01 02:05:41 ERROR Échec de la connexion à la base de données — too many connections (max: 100)
2026-03-01 02:05:55 ERROR Échec de la connexion à la base de données — too many connections (max: 100)
2026-03-01 02:06:10 ERROR Échec de la connexion à la base de données — too many connections (max: 100)
2026-03-01 02:10:00 INFO Connexions excédentaires fermées — retour à 85 connexions actives
2026-03-01 03:22:18 WARN Index manquant détecté sur la table transactions — performances dégradées
2026-03-01 04:00:00 INFO Maintenance automatique (VACUUM) démarrée sur la base principale
2026-03-01 04:35:12 INFO Maintenance terminée — 12 000 lignes mortes supprimées
2026-03-01 06:14:30 ERROR Violation de contrainte d'intégrité — clé étrangère invalide dans la table users
2026-03-01 07:45:00 INFO Réplication vers le serveur secondaire synchronisée avec succès
2026-03-01 08:30:55 WARN Espace disque du tablespace principal à 78% de capacité
2026-03-01 09:12:44 INFO Nouvelle migration de schéma appliquée — version 1.4.2
2026-03-01 10:00:00 INFO Statistiques mises à jour sur toutes les tables
2026-03-01 11:22:07 ERROR Deadlock détecté entre les transactions T1045 et T1046 — rollback effectué
2026-03-01 12:45:19 WARN Requête lente détectée : JOIN sur users et transactions — 3800ms
2026-03-01 13:10:33 INFO Connexion de l'utilisateur admin depuis 10.0.0.1 — authentification réussie
2026-03-01 15:00:00 INFO Sauvegarde incrémentale effectuée avec succès
2026-03-01 17:34:21 ERROR Échec de la connexion à la base de données — too many connections (max: 100)
2026-03-01 19:00:00 INFO Rotation des journaux de transaction effectuée
2026-03-01 21:15:44 WARN Taux de cache hit en baisse : 72% (seuil recommandé : 90%)
2026-03-01 23:59:50 INFO Arrêt propre du service PostgreSQL initié
